✨ Pixi task (ml): python -m motherlode.cli build rawhide
  EPT CA_SierraNevada_12_B22: 80,477,047,491 points in the project
(PDAL Error) Can't load library /home/runner/work/mother-lode/mother-lode/.pixi/envs/default/lib/libpdal_plugin_reader_hdf.so: Failed to load "/home/runner/work/mother-lode/mother-lode/.pixi/envs/default/lib/libpdal_plugin_reader_hdf.so": libhdf5_cpp.so.320: cannot open shared object file: No such file or directory(PDAL Error) Can't load library /home/runner/work/mother-lode/mother-lode/.pixi/envs/default/lib/libpdal_plugin_reader_icebridge.so: Failed to load "/home/runner/work/mother-lode/mother-lode/.pixi/envs/default/lib/libpdal_plugin_reader_icebridge.so": libhdf5_cpp.so.320: cannot open shared object file: No such file or directory(PDAL Error) Can't load library /home/runner/work/mother-lode/mother-lode/.pixi/envs/default/lib/libpdal_plugin_reader_hdf.so: Failed to load "/home/runner/work/mother-lode/mother-lode/.pixi/envs/default/lib/libpdal_plugin_reader_hdf.so": libhdf5_cpp.so.320: cannot open shared object file: No such file or directory(PDAL Error) Can't load library /home/runner/work/mother-lode/mother-lode/.pixi/envs/default/lib/libpdal_plugin_reader_icebridge.so: Failed to load "/home/runner/work/mother-lode/mother-lode/.pixi/envs/default/lib/libpdal_plugin_reader_icebridge.so": libhdf5_cpp.so.320: cannot open shared object file: No such file or directory  CA_SierraNevada_12_B22: 23,990,849 ground returns in the window
  EPT CA_CalaverasTuolumne_2011: 16,524,444,596 points in the project
  CA_CalaverasTuolumne_2011: 10,598,296 ground returns in the window
  CA_CalaverasTuolumne_2011: median offset to CA_SierraNevada_12_B22 over 3,264,044 shared cells: -0.023 m
  CA_CalaverasTuolumne_2011: filled 25.4% of the window
  DTM 2200 x 2000 at 1.0 m, 99.9% with ground returns
  done in 236 s -> docs/sites/rawhide
✨ Pixi task (ml): python -m motherlode.cli build eagle-shawmut
  EPT CA_SierraNevada_12_B22: 80,477,047,491 points in the project
(PDAL Error) Can't load library /home/runner/work/mother-lode/mother-lode/.pixi/envs/default/lib/libpdal_plugin_reader_hdf.so: Failed to load "/home/runner/work/mother-lode/mother-lode/.pixi/envs/default/lib/libpdal_plugin_reader_hdf.so": libhdf5_cpp.so.320: cannot open shared object file: No such file or directory(PDAL Error) Can't load library /home/runner/work/mother-lode/mother-lode/.pixi/envs/default/lib/libpdal_plugin_reader_icebridge.so: Failed to load "/home/runner/work/mother-lode/mother-lode/.pixi/envs/default/lib/libpdal_plugin_reader_icebridge.so": libhdf5_cpp.so.320: cannot open shared object file: No such file or directory(PDAL Error) Can't load library /home/runner/work/mother-lode/mother-lode/.pixi/envs/default/lib/libpdal_plugin_reader_hdf.so: Failed to load "/home/runner/work/mother-lode/mother-lode/.pixi/envs/default/lib/libpdal_plugin_reader_hdf.so": libhdf5_cpp.so.320: cannot open shared object file: No such file or directory(PDAL Error) Can't load library /home/runner/work/mother-lode/mother-lode/.pixi/envs/default/lib/libpdal_plugin_reader_icebridge.so: Failed to load "/home/runner/work/mother-lode/mother-lode/.pixi/envs/default/lib/libpdal_plugin_reader_icebridge.so": libhdf5_cpp.so.320: cannot open shared object file: No such file or directory  CA_SierraNevada_12_B22: 35,240,152 ground returns in the window
  EPT CA_CalaverasTuolumne_2011: 16,524,444,596 points in the project
  CA_CalaverasTuolumne_2011: 11,835,269 ground returns in the window
  CA_CalaverasTuolumne_2011: median offset to CA_SierraNevada_12_B22 over 4,928,058 shared cells: +0.011 m
  CA_CalaverasTuolumne_2011: filled 0.0% of the window
  DTM 2600 x 2200 at 1.0 m, 88.5% with ground returns
  done in 340 s -> docs/sites/eagle-shawmut
✨ Pixi task (ml): python -m motherlode.cli build big-oak-flat
  EPT CA_SierraNevada_12_B22: 80,477,047,491 points in the project
(PDAL Error) Can't load library /home/runner/work/mother-lode/mother-lode/.pixi/envs/default/lib/libpdal_plugin_reader_hdf.so: Failed to load "/home/runner/work/mother-lode/mother-lode/.pixi/envs/default/lib/libpdal_plugin_reader_hdf.so": libhdf5_cpp.so.320: cannot open shared object file: No such file or directory(PDAL Error) Can't load library /home/runner/work/mother-lode/mother-lode/.pixi/envs/default/lib/libpdal_plugin_reader_icebridge.so: Failed to load "/home/runner/work/mother-lode/mother-lode/.pixi/envs/default/lib/libpdal_plugin_reader_icebridge.so": libhdf5_cpp.so.320: cannot open shared object file: No such file or directory(PDAL Error) Can't load library /home/runner/work/mother-lode/mother-lode/.pixi/envs/default/lib/libpdal_plugin_reader_hdf.so: Failed to load "/home/runner/work/mother-lode/mother-lode/.pixi/envs/default/lib/libpdal_plugin_reader_hdf.so": libhdf5_cpp.so.320: cannot open shared object file: No such file or directory(PDAL Error) Can't load library /home/runner/work/mother-lode/mother-lode/.pixi/envs/default/lib/libpdal_plugin_reader_icebridge.so: Failed to load "/home/runner/work/mother-lode/mother-lode/.pixi/envs/default/lib/libpdal_plugin_reader_icebridge.so": libhdf5_cpp.so.320: cannot open shared object file: No such file or directory  CA_SierraNevada_12_B22: 29,479,989 ground returns in the window
  DTM 2600 x 2200 at 1.0 m, 100.0% with ground returns
  done in 270 s -> docs/sites/big-oak-flat
